Partial Import: Geen weg gevonden met naam To be, or not to be voor de bushalte
