Partial Import: De positie van de bushalte is geen integer
