Partial Import: Ongeldige gegevens bij de positie van de busstop
