Partial Import: Ongeldige informatie bij de snelheidslimiet van de weg
