Partial Import: Ongeldige informatie bij de weg toevoegen aan het netwerk
