Ongeldige informatie
Partial Import: Ongeldige informatie bij het toevoegen van de weg aan de auto
