De snelheidslimiet is kleiner dan of gelijk aan 0
