Import aborted: Error raised when opening the fileError reading end tag.
