Partial Import: Verkeersteken niet herkend, overslaan
