Partial Import: Ongeldige informatie bij het instellen van de snelheid van de auto
