Roadnetwork 0

Baan: A12
	-> snelheidslimiet vanaf positie 0: 120
	-> lengte: 5000
	-> Verkeerslicht op positie 2500: Oranje

-----------------------------------------------------------
