Roadnetwork 0

A12 	 | 	T=================================================

-----------------------------------------------------------
